// Jest Snapshot v1, https://goo.gl/fbAQLP

exports[`ForecastDetails renders correctly 1`] = `
<DocumentFragment>
  <div
    class="forecast-details"
  >
    <div
      class="forecast-details__date"
    >
      Thu Jan 01 1970
    </div>
    <div
      class="forecast-details__humidity"
    >
      10%
    </div>
    <div
      class="forecast-details__wind-speed"
    >
      24
    </div>
    <div
      class="forecast-details__wind-direction"
    >
      n
    </div>
    <div
      class="forecast-details__max-temp"
    >
      18°C
    </div>
    <div
      class="forecast-details__min-temp"
    >
      12°C
    </div>
  </div>
</DocumentFragment>
`;
